// Jest Snapshot v1, https://goo.gl/fbAQLP

exports[`Header Component should match the snapshot 1`] = `
<DocumentFragment>
  <div
    class="h-[72px] flex items-center p-2  bg-slate-700"
  >
    <div
      class="flex gap-2 items-ceter"
    >
      <div
        class="bg-white rounded-full border-none"
      >
        <img
          alt="Mamba Culture Logo"
          data-nimg="1"
          decoding="async"
          height="40"
          loading="lazy"
          src="/_next/image?url=%2Fassets%2Fimages%2Flogo.png&w=96&q=75"
          srcset="/_next/image?url=%2Fassets%2Fimages%2Flogo.png&w=48&q=75 1x, /_next/image?url=%2Fassets%2Fimages%2Flogo.png&w=96&q=75 2x"
          style="color: transparent;"
          width="40"
        />
      </div>
      <div
        class="flex flex-col items-end text-white "
      >
        <span
          class="font-bold uppercase leading-none"
        >
          Mamba
        </span>
        <small
          class="leading-none"
        >
          Culture
        </small>
      </div>
    </div>
  </div>
</DocumentFragment>
`;
